x_33 = x_31 + x_32 => x_9 x_33 x_32 x_31
x_24 x_30 x_29 x_28 => x_13 x_30 x_29 x_28
x_13 x_36 x_35 x_34 => x_24 x_36 x_35 x_34
x_37 <= 0 ^ x_38 = 0 \/ (E x_27:int.x_37 > 0 ^ x_16 x_27 (x_37 - 1) ^ x_24 x_38 x_27 x_37) => x_16 x_38 x_37
x_9 x_43 x_42 x_41 => x_13 x_43 x_42 x_41

goal:
E x_39:int.E x_40:int.x_16 x_40 x_39 ^ x_39 > x_40

