a result of unsat means that there is a model for the program clauses in which the goal clause does not hold
unsat
(define-fun x_16 ((x!0 Int) (x!1 Int)) Bool
  (and (>= x!0 0) (<= (+ x!1 (* (- 1) x!0)) 0)))

