a result of unsat means that there is a model for the program clauses in which the goal clause does not hold
sat
(and (>= (:var 4) 0) (x_16 0 (:var 4)) (<= (:var 4) 0))
